// Jest Snapshot v1, https://goo.gl/fbAQLP

exports[`renders correctly 1`] = `
<div>
  <h3>
    Not found 
  </h3>
  <button
    className="btn btn-default navbar-btn"
    onClick={[Function]}
  >
    Back
  </button>
</div>
`;
